### COMMAND: timeout 120s python scripts/diagnose_lot5_fd_lingering_owner.py
BEFORE:validate_lot0
COMMAND:validate_lot0:python scripts/validate_lot0.py
LOT 0 VALIDATION: PASS
AFTER:validate_lot0:rc=0:duration_seconds=1.354
NO_LINGERING_AFTER:validate_lot0
BEFORE:ingest_ohlcvt_fixture
COMMAND:ingest_ohlcvt_fixture:python scripts/ingest_ohlcvt_fixture.py
LOT 1 FIXTURE INGESTION: PASS
AFTER:ingest_ohlcvt_fixture:rc=0:duration_seconds=1.295
NO_LINGERING_AFTER:ingest_ohlcvt_fixture
BEFORE:validate_lot1
COMMAND:validate_lot1:python scripts/validate_lot1.py
LOT 1 VALIDATION: PASS
AFTER:validate_lot1:rc=0:duration_seconds=1.295
NO_LINGERING_AFTER:validate_lot1
BEFORE:build_lot2_datasets
COMMAND:build_lot2_datasets:python scripts/build_lot2_datasets.py
LOT 2 DATASET BUILD: PASS
AFTER:build_lot2_datasets:rc=0:duration_seconds=1.347
NO_LINGERING_AFTER:build_lot2_datasets
BEFORE:validate_lot2
COMMAND:validate_lot2:python scripts/validate_lot2.py
LOT 2 VALIDATION: PASS
AFTER:validate_lot2:rc=0:duration_seconds=1.292
NO_LINGERING_AFTER:validate_lot2
BEFORE:build_lot3_pivots
COMMAND:build_lot3_pivots:python scripts/build_lot3_pivots.py
LOT 3 PIVOT BUILD: PASS
AFTER:build_lot3_pivots:rc=0:duration_seconds=1.346
NO_LINGERING_AFTER:build_lot3_pivots
BEFORE:validate_lot3
COMMAND:validate_lot3:python scripts/validate_lot3.py
LOT 3 VALIDATION: PASS
AFTER:validate_lot3:rc=0:duration_seconds=1.345
NO_LINGERING_AFTER:validate_lot3
BEFORE:build_lot4_volume_vwap
COMMAND:build_lot4_volume_vwap:python scripts/build_lot4_volume_vwap.py
LOT 4 VOLUME/VWAP BUILD: PASS
AFTER:build_lot4_volume_vwap:rc=0:duration_seconds=1.393
NO_LINGERING_AFTER:build_lot4_volume_vwap
BEFORE:validate_lot4
COMMAND:validate_lot4:python scripts/validate_lot4.py
LOT 4 VALIDATION: PASS
AFTER:validate_lot4:rc=0:duration_seconds=1.453
NO_LINGERING_AFTER:validate_lot4
BEFORE:build_lot5_volatility
COMMAND:build_lot5_volatility:python scripts/build_lot5_volatility.py
LOT 5 VOLATILITY BUILD: PASS
AFTER:build_lot5_volatility:rc=0:duration_seconds=1.341
NO_LINGERING_AFTER:build_lot5_volatility
BEFORE:validate_lot5
COMMAND:validate_lot5:python scripts/validate_lot5.py
LOT 5 VALIDATION: PASS
AFTER:validate_lot5:rc=0:duration_seconds=1.345
NO_LINGERING_AFTER:validate_lot5
DIAGNOSE LOT5 FD LINGERING OWNER: PASS
### RC: 0
### DURATION_SECONDS: 16
