COMMAND: timeout 300s python scripts/diagnose_exact_chain_until_lot10.py
START_EPOCH: 1780596972
BEFORE:validate_lot0
COMMAND:validate_lot0:python scripts/validate_lot0.py
LOT 0 VALIDATION: PASS
AFTER:validate_lot0:rc=0:duration_seconds=1.716
BEFORE:ingest_ohlcvt_fixture
COMMAND:ingest_ohlcvt_fixture:python scripts/ingest_ohlcvt_fixture.py
LOT 1 FIXTURE INGESTION: PASS
AFTER:ingest_ohlcvt_fixture:rc=0:duration_seconds=1.650
BEFORE:validate_lot1
COMMAND:validate_lot1:python scripts/validate_lot1.py
LOT 1 VALIDATION: PASS
AFTER:validate_lot1:rc=0:duration_seconds=1.595
BEFORE:build_lot2_datasets
COMMAND:build_lot2_datasets:python scripts/build_lot2_datasets.py
LOT 2 DATASET BUILD: PASS
AFTER:build_lot2_datasets:rc=0:duration_seconds=1.550
BEFORE:validate_lot2
COMMAND:validate_lot2:python scripts/validate_lot2.py
LOT 2 VALIDATION: PASS
AFTER:validate_lot2:rc=0:duration_seconds=1.400
BEFORE:build_lot3_pivots
COMMAND:build_lot3_pivots:python scripts/build_lot3_pivots.py
LOT 3 PIVOT BUILD: PASS
AFTER:build_lot3_pivots:rc=0:duration_seconds=1.401
BEFORE:validate_lot3
COMMAND:validate_lot3:python scripts/validate_lot3.py
LOT 3 VALIDATION: PASS
AFTER:validate_lot3:rc=0:duration_seconds=1.449
BEFORE:build_lot4_volume_vwap
COMMAND:build_lot4_volume_vwap:python scripts/build_lot4_volume_vwap.py
LOT 4 VOLUME/VWAP BUILD: PASS
AFTER:build_lot4_volume_vwap:rc=0:duration_seconds=1.552
BEFORE:validate_lot4
COMMAND:validate_lot4:python scripts/validate_lot4.py
LOT 4 VALIDATION: PASS
AFTER:validate_lot4:rc=0:duration_seconds=1.599
BEFORE:build_lot5_volatility
COMMAND:build_lot5_volatility:python scripts/build_lot5_volatility.py
LOT 5 VOLATILITY BUILD: PASS
AFTER:build_lot5_volatility:rc=0:duration_seconds=1.754
BEFORE:validate_lot5
COMMAND:validate_lot5:python scripts/validate_lot5.py
LOT 5 VALIDATION: PASS
AFTER:validate_lot5:rc=0:duration_seconds=1.847
BEFORE:build_lot6_regime
COMMAND:build_lot6_regime:python scripts/build_lot6_regime.py
LOT 6 REGIME BUILD: PASS
AFTER:build_lot6_regime:rc=0:duration_seconds=1.597
BEFORE:validate_lot6
COMMAND:validate_lot6:python scripts/validate_lot6.py
LOT 6 VALIDATION: PASS
AFTER:validate_lot6:rc=0:duration_seconds=1.505
BEFORE:build_lot7_market_state
COMMAND:build_lot7_market_state:python scripts/build_lot7_market_state.py
LOT 7 MARKET STATE BUILD: PASS
AFTER:build_lot7_market_state:rc=0:duration_seconds=1.497
BEFORE:validate_lot7
COMMAND:validate_lot7:python scripts/validate_lot7.py
LOT 7 VALIDATION: PASS
AFTER:validate_lot7:rc=0:duration_seconds=1.601
BEFORE:audit_lot8_feature_registry
COMMAND:audit_lot8_feature_registry:python scripts/audit_lot8_feature_registry.py
LOT 8 FEATURE REGISTRY AUDIT: PASS
AFTER:audit_lot8_feature_registry:rc=0:duration_seconds=1.450
BEFORE:audit_lot8_no_lookahead
COMMAND:audit_lot8_no_lookahead:python scripts/audit_lot8_no_lookahead.py
LOT 8 NO-LOOKAHEAD AUDIT: PASS
AFTER:audit_lot8_no_lookahead:rc=0:duration_seconds=1.601
BEFORE:validate_lot8
COMMAND:validate_lot8:python scripts/validate_lot8.py
LOT 8 VALIDATION: START
LOT 8 VALIDATION: PASS
AFTER:validate_lot8:rc=0:duration_seconds=1.546
BEFORE:run_lot9_backtest_replay
COMMAND:run_lot9_backtest_replay:python scripts/run_lot9_backtest_replay.py
LOT 9 BACKTEST REPLAY: PASS
AFTER:run_lot9_backtest_replay:rc=0:duration_seconds=1.652
BEFORE:validate_lot9
COMMAND:validate_lot9:python scripts/validate_lot9.py
LOT 9 VALIDATION: PASS
AFTER:validate_lot9:rc=0:duration_seconds=1.551
BEFORE:run_lot10_transaction_costs
COMMAND:run_lot10_transaction_costs:python scripts/run_lot10_transaction_costs.py
LOT 10 TRANSACTION COSTS: PASS
AFTER:run_lot10_transaction_costs:rc=0:duration_seconds=1.750
BEFORE:validate_lot10
COMMAND:validate_lot10:python scripts/validate_lot10.py
LOT 10 VALIDATION: PASS
AFTER:validate_lot10:rc=0:duration_seconds=1.647
BEFORE:pytest
COMMAND:pytest:python -m pytest -q
............................................................................................................................................................................
172 passed in 0.96s
AFTER:pytest:rc=0:duration_seconds=3.933
DIAGNOSE EXACT CHAIN LOT10: PASS
END_EPOCH: 1780597013
DURATION_SECONDS: 41
RC: 0
