RUN:01_diagnose_pytest_resolution
DONE:01_diagnose_pytest_resolution:rc=0
RUN:02_audit_lot8_no_lookahead
DONE:02_audit_lot8_no_lookahead:rc=0
RUN:03_diagnose_lot8_no_lookahead_after_chain
DONE:03_diagnose_lot8_no_lookahead_after_chain:rc=0
RUN:04_run_lot10_transaction_costs
DONE:04_run_lot10_transaction_costs:rc=0
RUN:05_validate_lot10
DONE:05_validate_lot10:rc=0
RUN:06_validate_all_until_lot10
DONE:06_validate_all_until_lot10:rc=0
RUN:07_run_required_chain_until_lot10
DONE:07_run_required_chain_until_lot10:rc=0
RUN:08_diagnose_lot10_required_chain_timing
DONE:08_diagnose_lot10_required_chain_timing:rc=0
RUN:09_diagnose_exact_chain_until_lot10
DONE:09_diagnose_exact_chain_until_lot10:rc=0
RUN:10_pytest
DONE:10_pytest:rc=0
RUN:11_exact_chain
DONE:11_exact_chain:rc=0
RUN:12_orchestrator_smoke
DONE:12_orchestrator_smoke:rc=0
