COMMAND: timeout 300s python scripts/diagnose_lot8_no_lookahead_after_chain.py
BEFORE:validate_lot0
LOT 0 VALIDATION: PASS
AFTER:validate_lot0:rc=0:duration_seconds=1.387
BEFORE:ingest_ohlcvt_fixture
LOT 1 FIXTURE INGESTION: PASS
AFTER:ingest_ohlcvt_fixture:rc=0:duration_seconds=1.452
BEFORE:validate_lot1
LOT 1 VALIDATION: PASS
AFTER:validate_lot1:rc=0:duration_seconds=1.448
BEFORE:build_lot2_datasets
LOT 2 DATASET BUILD: PASS
AFTER:build_lot2_datasets:rc=0:duration_seconds=1.602
BEFORE:validate_lot2
LOT 2 VALIDATION: PASS
AFTER:validate_lot2:rc=0:duration_seconds=1.349
BEFORE:build_lot3_pivots
LOT 3 PIVOT BUILD: PASS
AFTER:build_lot3_pivots:rc=0:duration_seconds=1.349
BEFORE:validate_lot3
LOT 3 VALIDATION: PASS
AFTER:validate_lot3:rc=0:duration_seconds=1.399
BEFORE:build_lot4_volume_vwap
LOT 4 VOLUME/VWAP BUILD: PASS
AFTER:build_lot4_volume_vwap:rc=0:duration_seconds=1.299
BEFORE:validate_lot4
LOT 4 VALIDATION: PASS
AFTER:validate_lot4:rc=0:duration_seconds=1.555
BEFORE:build_lot5_volatility
LOT 5 VOLATILITY BUILD: PASS
AFTER:build_lot5_volatility:rc=0:duration_seconds=1.344
BEFORE:validate_lot5
LOT 5 VALIDATION: PASS
AFTER:validate_lot5:rc=0:duration_seconds=1.451
BEFORE:build_lot6_regime
LOT 6 REGIME BUILD: PASS
AFTER:build_lot6_regime:rc=0:duration_seconds=1.602
BEFORE:validate_lot6
LOT 6 VALIDATION: PASS
AFTER:validate_lot6:rc=0:duration_seconds=1.397
BEFORE:build_lot7_market_state
LOT 7 MARKET STATE BUILD: PASS
AFTER:build_lot7_market_state:rc=0:duration_seconds=1.450
BEFORE:validate_lot7
LOT 7 VALIDATION: PASS
AFTER:validate_lot7:rc=0:duration_seconds=1.548
BEFORE:audit_lot8_feature_registry
LOT 8 FEATURE REGISTRY AUDIT: PASS
AFTER:audit_lot8_feature_registry:rc=0:duration_seconds=1.499
BEFORE:audit_lot8_no_lookahead
LOT 8 NO-LOOKAHEAD AUDIT: PASS
AFTER:audit_lot8_no_lookahead:rc=0:duration_seconds=1.351
DIAGNOSE LOT8 NO-LOOKAHEAD AFTER CHAIN: PASS
RC=0
DURATION_SECONDS=26
