RUNNING:01_diagnose_pytest_resolution
DONE:01_diagnose_pytest_resolution:rc=0:seconds=6
RUNNING:02_diagnose_lot7_build_after_chain
DONE:02_diagnose_lot7_build_after_chain:rc=0:seconds=72
RUNNING:03_audit_lot8_no_lookahead
DONE:03_audit_lot8_no_lookahead:rc=0:seconds=5
RUNNING:04_diagnose_lot8_no_lookahead_after_chain
DONE:04_diagnose_lot8_no_lookahead_after_chain:rc=0:seconds=98
RUNNING:05_run_lot10_transaction_costs
DONE:05_run_lot10_transaction_costs:rc=0:seconds=6
RUNNING:06_validate_lot10
DONE:06_validate_lot10:rc=0:seconds=5
RUNNING:07_validate_all_until_lot10
DONE:07_validate_all_until_lot10:rc=0:seconds=15
RUNNING:08_run_required_chain_until_lot10
DONE:08_run_required_chain_until_lot10:rc=0:seconds=11
RUNNING:09_diagnose_lot10_required_chain_timing
DONE:09_diagnose_lot10_required_chain_timing:rc=0:seconds=16
RUNNING:10_diagnose_exact_chain_until_lot10
DONE:10_diagnose_exact_chain_until_lot10:rc=0:seconds=125
RUNNING:11_pytest
DONE:11_pytest:rc=0:seconds=12
RUNNING:12_build_lot7_exact_mini_chain
DONE:12_build_lot7_exact_mini_chain:rc=0:seconds=69
RUNNING:13_exact_chain
DONE:13_exact_chain:rc=0:seconds=119
