LOT 0 VALIDATION: PASS
LOT 1 FIXTURE INGESTION: PASS
LOT 1 VALIDATION: PASS
LOT 2 DATASET BUILD: PASS
LOT 2 VALIDATION: PASS
LOT 3 PIVOT BUILD: PASS
LOT 3 VALIDATION: PASS
LOT 4 VOLUME/VWAP BUILD: PASS
LOT 4 VALIDATION: PASS
LOT 5 VOLATILITY BUILD: PASS
LOT 5 VALIDATION: PASS
LOT 6 REGIME BUILD: PASS
LOT 6 VALIDATION: PASS
LOT 7 MARKET STATE BUILD: PASS
LOT 7 VALIDATION: PASS
LOT 8 FEATURE REGISTRY AUDIT: PASS
LOT 8 NO-LOOKAHEAD AUDIT: PASS
LOT 8 VALIDATION: START
LOT 8 VALIDATION: PASS
LOT 9 BACKTEST REPLAY: PASS
LOT 9 VALIDATION: PASS
LOT 10 TRANSACTION COSTS: PASS
LOT 10 VALIDATION: PASS
.............................................................................................................................................................
157 passed in 3.49s
EXACT_CHAIN_DONE
